╭──────────────────────────────────────────────────────────────────────────────────────────────────────────────────╮
│                                                                                                                  │
│  View Default  Filter All  Layout Lanes  Sort Jira  5 issues  not synced                                         │
│  Selected PROJ-099  In Progress  P3  Alex P.  enter open                                                         │
│                                                                                                                  │
│  In Progress 1                                                                                                   │
│  ➜  ✦  PROJ-099      Add support for private service routing                 In Progress    P3   Alex P.         │
│                                                                                                                  │
│  To Do 2                                                                                                         │
│     ◈▾ PROJ-100      Deliver platform foundation milestone                   To Do          P4   Alex P.         │
│     ╰─  ◈▸ PROJ-101      Build service deployment workflow  2 hidden         To Do          P4   Alex P.         │
│                                                                                                                  │
╰──────────────────────────────────────────────────────────────────────────────────────────────────────────────────╯
