 Jira  ready Default                                                                 3 issues  not synced  vX.Y.Z
Filter  ABC · updated desc

                 ╭──────────────────────────────────────────────────────────────────────────────╮
                 │                                                                              │
                 │  Ticket Actions                                                              │
                 │  ABC-1                                                                       │
                 │                                                                              │
                 │  Filter                                                                      │
                 │  Filter actions...                                                           │
                 │                                                                              │
                 │                                                                              │
                 │     ACTION            TYPE       DETAIL                                      │
                 │                                                                              │
                 │   > Start Work        Developer  Choose repo, create branch, and...          │
                 │     Add Comment       Developer  Write or refine a Jira comment ...          │
                 │     Log Work          Developer  Add a Jira worklog entry.                   │
                 │     Open In Browser   Open/Copy  Open this ticket in Jira.                   │
                 │     Copy Key          Open/Copy  Copy the ticket key.                        │
                 │     Copy URL          Open/Copy  Copy the Jira URL.                          │
                 │     Transition Status Jira       Load available Jira transitions...          │
                 │     Assign            Jira       Search assignable Jira users an...          │
                 │     Edit Summary      Jira Field Load Jira edit metadata and upd...          │
                 │     Change Priority   Jira Field Load Jira priority options and ...          │
                 │     Edit Labels       Jira Field Edit comma-separated Jira labels.           │
                 │     Edit Components   Jira Field Select Jira components from edi...          │
                 │     Sprint            Jira       Add this ticket to an active or...          │
                 │     Link Issue        Jira       Create a Jira issue link to ano...          │
                 │     Create Subtask    Create     Use Jira create metadata for re...          │
                 │                                                                              │
                 │                                                                              │
                 │  type filter  j/k select  enter run  esc close                               │
                 │                                                                              │
                 ╰──────────────────────────────────────────────────────────────────────────────╯

Ticket Actions  ? help  |  esc close  |  j/k action  enter run  type filter
