 Jira  ready Default                                                                 3 issues  not synced  vX.Y.Z
Filter  ABC · updated desc

╭──────────────────────────────────────────────────────────────────────────────────────────────────────────────────╮
│                                                                                                                  │
│  ABC-1  Tighten deployment review flow                                                                           │
│                                                                                                                  │
│  Add Comment ─────────────────────────────────────────────────────────────────────────────────────────────       │
│   Can we confirm the rollout validation owner before this moves forward?                                         │
│                                                                                                                  │
│                                                                                                                  │
│                                                                                                                  │
│                                                                                                                  │
│                                                                                                                  │
│                                                                                                                  │
│                                                                                                                  │
│                                                                                                                  │
│                                                                                                                  │
│                                                                                                                  │
│                                                                                                                  │
│                                                                                                                  │
│                                                                                                                  │
│                                                                                                                  │
│                                                                                                                  │
│                                                                                                                  │
│                                                                                                                  │
╰──────────────────────────────────────────────────────────────────────────────────────────────────────────────────╯

Add Comment  ? help  |  enter, ctrl+j newline  pgup/pgdn page  |  ctrl+b bold  ctrl+e italic  |  ctrl+r refine
