 Jira  ready Default                                                                 3 issues  not synced  vX.Y.Z
Filter  ABC · updated desc

╭──────────────────────────────────────────────────────────────────────────────────────────────────────────────────╮
│                                                                                                                  │
│  View Default  Filter All  Layout Lanes  Sort Jira  3 issues  not synced                                         │
│  Selected ABC-1  In Progress  !!  Jon  enter open                                                                │
│                                                                                                                  │
│  In Progress 1                                                                                                   │
│  ➜  ▣  ABC-1         Tighten deployment review flow                          In Progress    !!   Jon             │
│                                                                                                                  │
│  Review 1                                                                                                        │
│     !  ABC-3         Fix comment mention picker                              Review         P4   Ari             │
│                                                                                                                  │
│  To Do 1                                                                                                         │
│     ●  ABC-2         Document keyboard shortcuts                             To Do          P3   Rae             │
│                                                                                                                  │
╰──────────────────────────────────────────────────────────────────────────────────────────────────────────────────╯

Issue Lanes  ? help  |  j/k move  |  enter open  n new  T toil  x children  |  r refresh  |  / query  L layout
