 Jira  ready Default                                                                 3 issues  not synced  vX.Y.Z
Filter  ABC · updated desc

╭──────────────────────────────────────────────────────────────────────────────────────────────────────────────────╮
│                                                                                                                  │
│  ABC-1 In Progress Story                                                                                         │
│  Tighten deployment review flow                                                                                  │
│  Status In Progress v   Priority High v   Assignee Jon v   Updated 2026-07-06 05:30   Reporter Rae               │
│  Overview   > Developer Workbench   Comments 1   Worklog 1   Hierarchy   Claude                                  │
│                                                                                                                  │
│  Developer Workbench ───────────────────────────────────────────────────────────────────────── next actions      │
│                                                                                                                  │
│                                                                                                                  │
│   SURFACE   STATE              NEXT                                                                              │
│                                                                                                                  │
│   Work      ready              Start Work from Ticket Actions after branch/Jira review.                          │
│   Claude    ready              Claude Plan, Quality Review, or Draft Comment from Claude actions.                │
│   Comments  1 loaded           Add Comment or tab to Comments for review/edit.                                   │
│   Worklog   1 logged           Log Work from Ticket Actions or tab to Worklog.                                   │
│   Hierarchy No loaded children tab to Hierarchy; x/X loads children from the issue list.                         │
│   Links     none               tab to Links when present; Open Jira, Copy Key, copy URLs.                        │
│                                                                                                                  │
│                                                                                                                  │
│    Use . for Ticket Actions, a for Claude actions, or tab to move through ticket sections.                       │
│                                                                                                                  │
╰──────────────────────────────────────────────────────────────────────────────────────────────────────────────────╯

Ticket Detail  ? help  |  esc back  j/k scroll  |  tab section  |  . actions  n new  T toil  |  a ai  |  o open
